         240         336           7         128        1920         336           0
          55         104         103          75          80         102         101          76          79
          55         103         100          80          78         101          99          79          77
          49         100         336          78         335          99         334          77         333
          99         336         245         335         206         334         244         333         205
          54          75          80          92          91          76          79          90          89
          48          80          78          91          88          79          77          89          87
          49          78         335          88         332          77         333          87         331
          99         335         206         332         217         333         205         331         216
          61          92          91          82          81          90          89          83          86
          61          91          88          81          85          89          87          86          84
          57          88         332          85         330          87         331          84         329
         107         332         217         330         207         331         216         329         208
          60          82          81          98          97          83          86          96          95
          60          81          85          97          94          86          84          95          93
          56          85         330          94         328          84         329          93         327
         107         330         207         328         247         329         208         327         246
          45          98          97          61          60          96          95          62          65
          45          97          94          60          64          95          93          65          63
          41          94         328          64         326          93         327          63         325
         117         328         247         326         220         327         246         325         223
          44          61          60          74          73          62          65          72          71
          44          60          64          73          70          65          63          71          69
          40          64         326          70         324          63         325          69         323
         117         326         220         324         235         325         223         323         234
          39          74          73          54          59          72          71          55          58
          39          73          70          59          57          71          69          58          56
          33          70         324          57         322          69         323          56         321
         127         324         235         322         229         323         234         321         228
          38          54          59         104         103          55          58         102         101
          32          59          57         103         100          58          56         101          99
          33          57         322         100         336          56         321          99         334
         127         322         229         336         245         321         228         334         244
         103         245         239         206         203         244         238         205         204
         102         239         237         203         202         238         236         204         201
         101         206         203         217         215         205         204         216         213
         101         203         202         215         200         204         201         213         209
         106         217         215         207         214         216         213         208         212
         100         215         200         214         211         213         209         212         210
         106         207         214         247         243         208         212         246         242
         105         214         211         243         241         212         210         242         240
         116         247         243         220         222         246         242         223         221
         114         243         241         222           4         242         240         221         219
         116         220         222         235         233         223         221         234         232
         114         222           4         233         231         221         219         232         230
         123         235         233         229         225         234         232         228         227
         123         233         231         225         224         232         230         227         226
         122         229         225         245         239         228         227         244         238
         122         225         224         239         237         227         226         238         236
          53         102         101          76          79         146         145         144         143
          53         101          99          79          77         145         142         143         141
          50          99         334          77         333         142         320         141         319
          98         334         244         333         205         320         288         319         287
          54          76          79          90          89         144         143         140         139
          51          79          77          89          87         143         141         139         138
          51          77         333          87         331         141         319         138         318
          98         333         205         331         216         319         287         318         286
          63          90          89          83          86         140         139         137         136
          58          89          87          86          84         139         138         136         135
          57          87         331          84         329         138         318         135         317
         109         331         216         329         208         318         286         317         285
          63          83          86          96          95         137         136         134         133
          62          86          84          95          93         136         135         133         132
          59          84         329          93         327         135         317         132         316
         111         329         208         327         246         317         285         316         284
          47          96          95          62          65         134         133         131         130
          42          95          93          65          63         133         132         130         129
          41          93         327          63         325         132         316         129         315
         119         327         246         325         223         316         284         315         283
          47          62          65          72          71         131         130          68          67
          46          65          63          71          69         130         129          67          66
          43          63         325          69         323         129         315          66         314
         119         325         223         323         234         315         283         314         282
          37          72          71          55          58          68          67         128         127
          37          71          69          58          56          67          66         127         126
          34          69         323          56         321          66         314         126         313
         126         323         234         321         228         314         282         313         281
          38          55          58         102         101         128         127         146         145
          35          58          56         101          99         127         126         145         142
          35          56         321          99         334         126         313         142         320
         126         321         228         334         244         313         281         320         288
          97         244         238         205         204         288         280         287         279
         102         238         236         204         201         280         278         279         277
         103         205         204         216         213         287         279         286         276
         100         204         201         213         209         279         277         276         275
         109         216         213         208         212         286         276         285         274
         104         213         209         212         210         276         275         274         273
         111         208         212         246         242         285         274         284         272
         105         212         210         242         240         274         273         272         271
         115         246         242         223         221         284         272         283         270
         113         242         240         221         219         272         271         270         218
         118         223         221         234         232         283         270         282         269
         115         221         219         232         230         270         218         269         268
         121         234         232         228         227         282         269         281         267
         121         232         230         227         226         269         268         267         266
         124         228         227         244         238         281         267         288         280
         120         227         226         238         236         267         266         280         278
          52         146         145         144         143         125         124         123         122
          52         145         142         143         141         124         121         122         120
          50         142         320         141         319         121         312         120         311
          97         320         288         319         287         312         265         311         264
          25         144         143         140         139         123         122          41          40
          28         143         141         139         138         122         120          40          39
          28         141         319         138         318         120         311          39         310
          96         319         287         318         286         311         264         310         263
          23         140         139         137         136          41          40         119         118
          23         139         138         136         135          40          39         118         115
          17         138         318         135         317          39         310         115         309
         108         318         286         317         285         310         263         309         262
          62         137         136         134         133         119         118         117         116
          58         136         135         133         132         118         115         116         114
          59         135         317         132         316         115         309         114         308
         110         317         285         316         284         309         262         308         261
           7         134         133         131         130         117         116         113         112
           7         133         132         130         129         116         114         112         109
           1         132         316         129         315         114         308         109         307
         110         316         284         315         283         308         261         307         260
          46         131         130          68          67         113         112         111         110
          42         130         129          67          66         112         109         110         108
          43         129         315          66         314         109         307         108         306
         118         315         283         314         282         307         260         306         259
          36          68          67         128         127         111         110         107         106
          36          67          66         127         126         110         108         106         105
          34          66         314         126         313         108         306         105         305
         125         314         282         313         281         306         259         305         258
           9         128         127         146         145         107         106         125         124
          12         127         126         145         142         106         105         124         121
          12         126         313         142         320         105         305         121         312
         125         313         281         320         288         305         258         312         265
          73         288         280         287         279         265         248         264         155
          75         280         278         279         277         248         154         155         153
          78         287         279         286         276         264         155         263         257
          75         279         277         276         275         155         153         257         165
         108         286         276         285         274         263         257         262         256
          68         276         275         274         273         257         165         256         150
          69         285         274         284         272         262         256         261         255
          69         274         273         272         271         256         150         255         254
          83         284         272         283         270         261         255         260         253
         113         272         271         270         218         255         254         253         252
          89         283         270         282         269         260         253         259         251
         112         270         218         269         268         253         252         251         250
          89         282         269         281         267         259         251         258         249
          88         269         268         267         266         251         250         249         199
         124         281         267         288         280         258         249         265         248
          73         267         266         280         278         249         199         248         154
          24         125         124         123         122          53          52          28          32
          29         124         121         122         120          52          51          32          31
          31         121         312         120         311          51         304          31         303
          79         312         265         311         264         304         196         303         164
          25         123         122          41          40          28          32          38          37
          26         122         120          40          39          32          31          37          36
          29         120         311          39         310          31         303          36         302
          79         311         264         310         263         303         164         302         163
          22          41          40         119         118          38          37          23          27
          22          40          39         118         115          37          36          27          26
          17          39         310         115         309          36         302          26         301
          67         310         263         309         262         302         163         301         198
          21         119         118         117         116          23          27          50          49
          18         118         115         116         114          27          26          49          48
          16         115         309         114         308          26         301          48         300
          87         309         262         308         261         301         198         300         197
           6         117         116         113         112          50          49           6          10
           6         116         114         112         109          49          48          10           9
           1         114         308         109         307          48         300           9         299
          85         308         261         307         260         300         197         299         169
           5         113         112         111         110           6          10          21          20
           2         112         109         110         108          10           9          20          19
           0         109         307         108         306           9         299          19         298
          85         307         260         306         259         299         169         298         181
           8         111         110         107         106          21          20          11          15
          13         110         108         106         105          20          19          15          14
          15         108         306         105         305          19         298          14         297
          95         306         259         305         258         298         181         297         173
           9         107         106         125         124          11          15          53          52
          10         106         105         124         121          15          14          52          51
          13         105         305         121         312          14         297          51         304
          95         305         258         312         265         297         173         304         196
          77         265         248         264         155         196         191         164         162
          74         248         154         155         153         191         183         162         161
          78         264         155         263         257         164         162         163         160
          74         155         153         257         165         162         161         160         159
          68         263         257         262         256         163         160         198         188
          71         257         165         256         150         160         159         188         152
          71         262         256         261         255         198         188         197         195
          70         256         150         255         254         188         152         195         194
          83         261         255         260         253         197         195         169         180
          82         255         254         253         252         195         194         180         179
          82         260         253         259         251         169         180         181         178
          91         253         252         251         250         180         179         178         177
          91         259         251         258         249         181         178         173         193
          90         251         250         249         199         178         177         193         192
          93         258         249         265         248         173         193         196         191
          72         249         199         248         154         193         192         191         183
          27          53          52          28          32          47          46           3          30
          31          52          51          32          31          46          45          30          29
          30          51         304          31         303          45         296          29         295
          76         304         196         303         164         296         189         295         158
          27          28          32          38          37           3          30          35          34
          26          32          31          37          36          30          29          34          33
          30          31         303          36         302          29         295          33         294
          67         303         164         302         163         295         158         294         149
          21          38          37          23          27          35          34          22          25
          19          37          36          27          26          34          33          25          24
          19          36         302          26         301          33         294          24         293
          66         302         163         301         198         294         149         293         190
          20          23          27          50          49          22          25          44          43
          20          27          26          49          48          25          24          43          42
          18          26         301          48         300          24         293          42         292
          87         301         198         300         197         293         190         292         166
           5          50          49           6          10          44          43           5           8
           3          49          48          10           9          43          42           8           7
           3          48         300           9         299          42         292           7         291
          84         300         197         299         169         292         166         291         168
           4           6          10          21          20           5           8          18          17
           4          10           9          20          19           8           7          17          16
           2           9         299          19         298           7         291          16         290
          84         299         169         298         181         291         168         290         176
          11          21          20          11          15          18          17           2          13
          15          20          19          15          14          17          16          13          12
          14          19         298          14         297          16         290          12         289
          94         298         181         297         173         290         176         289         170
          11          11          15          53          52           2          13          47          46
          10          15          14          52          51          13          12          46          45
          14          14         297          51         304          12         289          45         296
          94         297         173         304         196         289         170         296         189
          76         196         191         164         162         189         184         158         157
          77         191         183         162         161         184         182         157         156
          65         164         162         163         160         158         157         149         148
          65         162         161         160         159         157         156         148         147
          66         163         160         198         188         149         148         190         187
          64         160         159         188         152         148         147         187         151
          86         198         188         197         195         190         187         166         186
          70         188         152         195         194         187         151         186         185
          86         197         195         169         180         166         186         168         167
          81         195         194         180         179         186         185         167           1
          80         169         180         181         178         168         167         176         175
          81         180         179         178         177         167           1         175         174
          93         181         178         173         193         176         175         170         172
          90         178         177         193         192         175         174         172         171
          92         173         193         196         191         170         172         189         184
          92         193         192         191         183         172         171         184         182
